[эталон: задвижка] adapter: claims=4 new=[('v2', 'ent_ts_17fc5b932292b15f32d452b2')] matched={'v1': 'ent_ts_valve_a', 'v3': 'ent_ts_station'} unmapped=[('r5', 'installed-on')] dup=[]
    validator errors=NONE warnings=['CONTRADICTION_SINGLE_VALUED']
world with merged duplicate: CLEAN
[MERGED: узел 'H-101' (лат.) = строгий ключ слитой сущности -> выживший ent_ts_pump] adapter: claims=4 new=[] matched={'n1': 'ent_ts_pump', 'n2': 'ent_ts_model', 'n3': 'ent_ts_station'} unmapped=[] dup=[]
    validator errors=[('GRAPH_NODE_INVALID', 'узел n10: субъект не совпадает с узлом-аргументом'), ('GRAPH_NODE_INVALID', 'узел n11: субъект не совпадает с узлом-аргументом'), ('GRAPH_NODE_INVALID', 'узел n12: субъект не совпадает с узлом-аргументом'), ('GRAPH_NODE_INVALID', 'узел n13: субъект не совпадает с узлом-аргументом')] warnings=['CONTRADICTION_SINGLE_VALUED']
[двойники по скелету внутри одного артефакта (Т-3/1 и Т-31)] adapter: claims=6 new=[('v2', 'ent_ts_17fc5b932292b15f32d452b2'), ('x1', 'ent_ts_33a46158cba58f3e01b83e96'), ('x2', 'ent_ts_cf6512c6ef44d779623f17a4')] matched={'v1': 'ent_ts_valve_a', 'v3': 'ent_ts_station'} unmapped=[('r5', 'installed-on')] dup=[]
    validator errors=NONE warnings=['CONTRADICTION_SINGLE_VALUED', 'POSSIBLE_DUPLICATE']
[то же, strict=True] ADAPTER_ERROR неотображённые отношения: [('r5', 'installed-on')]
[единица 'psi' (профиль артефакта допускает, предикат нет)] adapter: claims=4 new=[('v2', 'ent_ts_17fc5b932292b15f32d452b2')] matched={'v1': 'ent_ts_valve_a', 'v3': 'ent_ts_station'} unmapped=[('r5', 'installed-on')] dup=[]
    validator errors=[('PREDICATE_RANGE_VIOLATION', 'литерал вне range (тип, схема идентификатора или единица)')] warnings=['CONTRADICTION_SINGLE_VALUED']
[единица 'mpa' (регистр)] adapter: claims=4 new=[('v2', 'ent_ts_17fc5b932292b15f32d452b2')] matched={'v1': 'ent_ts_valve_a', 'v3': 'ent_ts_station'} unmapped=[('r5', 'installed-on')] dup=[]
    validator errors=[('PREDICATE_RANGE_VIOLATION', 'литерал вне range (тип, схема идентификатора или единица)')] warnings=['CONTRADICTION_SINGLE_VALUED']
[instance-of -> EQUIPMENT (диапазон предиката)] adapter: claims=4 new=[] matched={'v1': 'ent_ts_valve_a', 'v3': 'ent_ts_station'} unmapped=[('r5', 'installed-on')] dup=[]
    validator errors=[('PREDICATE_RANGE_VIOLATION', 'тип объекта вне range')] warnings=['CONTRADICTION_SINGLE_VALUED']
[part-of от модели (домен предиката)] adapter: claims=4 new=[('v2', 'ent_ts_17fc5b932292b15f32d452b2')] matched={'v1': 'ent_ts_valve_a', 'v3': 'ent_ts_station'} unmapped=[('r5', 'installed-on')] dup=[]
    validator errors=[('PREDICATE_DOMAIN_VIOLATION', 'EQUIPMENT_MODEL не в domain ts.part_of')] warnings=['CONTRADICTION_SINGLE_VALUED']
[одинокие узлы QUANTITY/ACTION без отношения] adapter: claims=4 new=[('v2', 'ent_ts_17fc5b932292b15f32d452b2')] matched={'v1': 'ent_ts_valve_a', 'v3': 'ent_ts_station'} unmapped=[('r5', 'installed-on')] dup=[]
    validator errors=NONE warnings=['CONTRADICTION_SINGLE_VALUED']
world with retired valve: CLEAN
[RETIRED: задвижка К-1/12 выведена, адаптер сопоставляет с ней] adapter: claims=4 new=[('v2', 'ent_ts_17fc5b932292b15f32d452b2')] matched={'v1': 'ent_ts_valve_a', 'v3': 'ent_ts_station'} unmapped=[('r5', 'installed-on')] dup=[]
    validator errors=NONE warnings=['CONTRADICTION_SINGLE_VALUED']
[parameter 'x_unknown_param' (нет в словаре)] adapter: claims=4 new=[('v2', 'ent_ts_17fc5b932292b15f32d452b2')] matched={'v1': 'ent_ts_valve_a', 'v3': 'ent_ts_station'} unmapped=[('r5', 'installed-on')] dup=[]
    validator errors=NONE warnings=['CONTRADICTION_SINGLE_VALUED']
