### s23_previous_open.py
S23-01: FINDING | отчёт ЗАКРЫТОЙ Проверки изменился после закрытия её (открытой на тот момент) предыдущей Проверки
### s23_01_validator.py
S23-01v: FINDING | валидатор принимает закрытую Проверку с открытой предыдущей
### s23_observation_backdate.py
S23-02: FINDING | ac_migrator задним числом (после печати) меняет first_observed_at в отчёте закрытой Проверки
### s23_race_review.py
S23-10: FINDING | гонка «рецензия ↔ закрытие Проверки»: закрытая Проверка опирается на опровергнутое утверждение, отчёт изменился
### s23_race_merge.py
S23-10b: FINDING | гонка «слияние ↔ закрытие Проверки»: имя в отчёте закрытой Проверки изменилось
### s23_race_rows.py
S23-10c: FINDING | гонка: след поиска чужой транзакции попал в закрытую Проверку
### s23_historical_escalation.py
S23-13: FINDING | ac_app пишет историческое (задним числом) системное время через SECURITY DEFINER-триггеры
### s23_check_text.py
S23-03: FINDING | отменённая Проверка: итоги (HIGH на оспоренном утверждении, «Не выявлено.» по поиску за 400 дней до запроса) без пометки черновика
S23-04: FINDING | черновик отчёта выдаёт ОПРОВЕРГНУТОЕ утверждение как факт (в досье оно скрыто)
S23-05: FINDING | след поиска: время задаёт писатель (будущее принято), столбец и тело расходятся
### s23_oracle.py
S23-06/ac_rd_public: FINDING | ответ отличает существующую Проверку/утверждение от несуществующего и называет проект
S23-06/ac_rd_none: FINDING | ответ отличает существующую Проверку/утверждение от несуществующего и называет проект
S23-06/dossier: held | досье: существующая vs несуществующая сущность: ERROR:  ACCESS_DENIED: нет допуска ac_rd_public к объекту проекта prj_compliance
### s23_projection_dos.py
S23-08a: FINDING | строка ac_app со строковым share_bp ломает досье для всех читателей
S23-08b: FINDING | valid_from «2021-02-30» принят базой и ломает досье
S23-09: FINDING | плейсхолдер внутри значения квалификатора раскрывается шаблоном
### s23_disputed_text.py
S23-12a: FINDING | оспоренное утверждение подано в досье как факт
S23-12b: FINDING | текст открытой Проверки: нет пометки «черновик», «риск — —», «Поиск: .»
### s23_asof.py
S23-07: FINDING | досье «на момент as_of» в прошлом (окно 5 мин) и в будущем меняется задним числом
### s23_s22_bypass.py
B-01a: held | цепочка слияний A→B→C (UPDATE): ERROR:  ENTITY_MERGE_INVALID: ent_k_b: в неё уже слиты дубли — цепочки слияний запрещены
B-01b: held | INSERT сразу MERGED в уже слитую сущность: ERROR:  ENTITY_MERGE_INVALID: ent_k_d: цель того же проекта и типа, ACTIVE на момент слиян
B-01c: held | историческое слияние в выведенную (RETIRED) более широкую сущность: ERROR:  ENTITY_MERGE_INVALID: ent_k_m: цель того же проекта и типа, ACTIVE на момент слиян
B-04a: held | closed_xact, переданный в INSERT открытой Проверки, перезаписан: NULL
B-04b: held | UPDATE closed_xact закрытой Проверки: ERROR:  permission denied for table checks
B-04c: held | две Проверки в одной транзакции: строки в ранее закрытую: ERROR:  CHECK_CLOSED: в закрытую Проверку нельзя дописывать след поиска
B-04d: held | отмена и завершение одной Проверки в одной транзакции: ERROR:  CHECK_CLOSED: закрытая Проверка не меняется
B-04e: held | строка в закрытую Проверку из подтранзакции: ERROR:  CHECK_CLOSED: в закрытую Проверку нельзя дописывать след поиска
B-04f: held | Проверка, вставленная сразу COMPLETED: поздняя строка: ERROR:  CHECK_CLOSED: в закрытую Проверку нельзя дописывать след поиска
B-05: held | рецензия задним числом под отменённую Проверку: ERROR:  TEMPORAL_ORDER_INVALID: рецензия задним числом под закрытую Проверку, ко
B-06a: held | marking_ok на краевых формах: dup=false case=false extra=false nested=false nullcat=false nulllevel=false numlevel=false unkcat=false array=false null=false / валидные: t
B-06b: held | допуск с неизвестной категорией даёт доступ
