# Измерение раскладок хранения — 100000 организаций × 26 атрибутов (PostgreSQL 16)

Старт 2026-10-02 04:04:12
A wide готово (6 c)
B eav готово (12 c)
C jsonb готово (16 c)
D claims готово (226 c)
E bulk готово (227 c)

режим: уникальные названия/адреса (высокая энтропия)
утверждений в D: 2595000 (= атрибутов с непустым значением); в D2: 100000; текст всех колонок A без сжатия: 45.8 MB

| Раскладка | Только данные | × к A (данные) | Данные + индексы | × к A (всего) | На организацию (всего) | Экстраполяция на 8 млн (всего) |
|---|---|---|---|---|---|---|
| A wide | 46.5 MB | 1.00× | 65.6 MB | 1.00× | 688 B | 5.1 GB |
| B eav | 151.0 MB | 3.24× | 284.0 MB | 4.33× | 2978 B | 22.2 GB |
| C jsonb | 98.1 MB | 2.11× | 150.8 MB | 2.30× | 1581 B | 11.8 GB |
| D claims (утверждение на поле) | 3.7 GB | 81.18× | 5.3 GB | 82.35× | 56636 B | 422.0 GB |
| D2 claims (утверждение на запись) | 308.5 MB | 6.63× | 419.1 MB | 6.39× | 4395 B | 32.7 GB |
| E bulk | 47.5 MB | 1.02× | 66.6 MB | 1.02× | 698 B | 5.2 GB |
| F columnar* zlib6 | 5.2 MB | 0.11× | 5.2 MB | 0.08× | 55 B | 416.1 MB |
| F columnar* xz6 | 2.6 MB | 0.06× | 2.6 MB | 0.04× | 28 B | 210.9 MB |

Детали D (хранилище утверждений):
  claims: таблица 2.8 GB, индексы 1.3 GB, всего 4.1 GB
  claim_evidence: таблица 881.5 MB, индексы 340.2 MB, всего 1.2 GB
  claims_rec: таблица 195.4 MB, индексы 97.7 MB, всего 293.1 MB
  claim_evidence_rec: таблица 113.1 MB, индексы 13.0 MB, всего 126.1 MB
Детали B (EAV): eav_ids 5.6 MB, eav_text 170.5 MB, eav_int 78.7 MB, eav_date 19.7 MB, eav_num 9.5 MB

Запросы (лучшее из 3, мс):
| Запрос | A wide | B eav | C jsonb | D claims (поле) | D2 claims (запись) |
|---|---|---|---|---|---|
| точечный поиск по ИНН | 0.08 | 0.05 | 0.04 | 0.05 | 0.03 |
| карточка организации по ОГРН (все атрибуты) | 0.16 | 0.59 | 0.16 | 0.19 | 0.17 |
| действующие в регионе 77, count | 0.14 | 5.65 | 1.64 | 9.60 | 3.79 |
| название по префиксу, 100 строк | 0.03 | 0.05 | 0.03 | 0.04 | 0.03 |

Готово за 242 c; база bench_layouts оставлена для проверки.
