# Измерение раскладок хранения — 100000 организаций × 26 атрибутов (PostgreSQL 16)

Старт 2026-10-02 04:00:13
A wide готово (2 c)
B eav готово (8 c)
C jsonb готово (11 c)
D claims готово (223 c)
E bulk готово (224 c)

режим: словарные значения (низкая энтропия)
утверждений в D: 2595000 (= атрибутов с непустым значением); в D2: 100000; текст всех колонок A без сжатия: 43.4 MB

| Раскладка | Только данные | × к A (данные) | Данные + индексы | × к A (всего) | На организацию (всего) | Экстраполяция на 8 млн (всего) |
|---|---|---|---|---|---|---|
| A wide | 44.0 MB | 1.00× | 50.0 MB | 1.00× | 524 B | 3.9 GB |
| B eav | 148.7 MB | 3.37× | 260.4 MB | 5.21× | 2731 B | 20.3 GB |
| C jsonb | 95.6 MB | 2.17× | 133.6 MB | 2.67× | 1401 B | 10.4 GB |
| D claims (утверждение на поле) | 3.7 GB | 85.78× | 5.3 GB | 107.61× | 56373 B | 420.0 GB |
| D2 claims (утверждение на запись) | 307.1 MB | 6.97× | 402.9 MB | 8.07× | 4225 B | 31.5 GB |
| E bulk | 45.0 MB | 1.02× | 51.0 MB | 1.02× | 534 B | 4.0 GB |
| F columnar* zlib6 | 3.2 MB | 0.07× | 3.2 MB | 0.06× | 34 B | 256.9 MB |
| F columnar* xz6 | 1.2 MB | 0.03× | 1.2 MB | 0.02× | 13 B | 96.0 MB |

Детали D (хранилище утверждений):
  claims: таблица 2.8 GB, индексы 1.2 GB, всего 4.1 GB
  claim_evidence: таблица 881.4 MB, индексы 340.7 MB, всего 1.2 GB
  claims_rec: таблица 195.4 MB, индексы 82.9 MB, всего 278.2 MB
  claim_evidence_rec: таблица 111.7 MB, индексы 13.0 MB, всего 124.7 MB
Детали B (EAV): eav_ids 5.6 MB, eav_text 146.9 MB, eav_int 78.7 MB, eav_date 19.7 MB, eav_num 9.5 MB

Запросы (лучшее из 3, мс):
| Запрос | A wide | B eav | C jsonb | D claims (поле) | D2 claims (запись) |
|---|---|---|---|---|---|
| точечный поиск по ИНН | 0.07 | 0.05 | 0.03 | 0.05 | 0.03 |
| карточка организации по ОГРН (все атрибуты) | 0.15 | 0.59 | 0.13 | 0.18 | 0.16 |
| действующие в регионе 77, count | 0.14 | 4.87 | 1.69 | 8.51 | 4.21 |
| название по префиксу, 100 строк | 0.03 | 0.04 | 0.03 | 0.03 | 0.03 |

Готово за 235 c; база bench_layouts оставлена для проверки.
