('MS01', 'KILLED by WS01', 'конфликт сильных ключей строки не показывается')
('MS02', 'KILLED by BASE', 'конфликт: сущности других проектов считаются')
('MS03', 'KILLED by PS02', 'конфликт: сущности других типов считаются')
('MS04', 'KILLED by PS01', 'конфликт: влитая в субъект сущность считается другой')
('MS06', 'KILLED by WS03', 'конфликт: сущность RETIRED ключом не владеет')
('MS05', 'KILLED by PS05', 'конфликт: субъект, сам слитый, считается другой сущностью, чем выживший')
('MS07', 'KILLED by WS02', 'конфликт: считаются только сущности, созданные до утверждения')
('MS08', 'KILLED by WS05', 'идентификатор строки не приводится к нормальной форме')
('MS09', 'KILLED by PS08', 'кадастровый номер строки не приводится к нормальной форме')
('MS10', 'KILLED by NS03', 'национальные номера приводятся как прочие (id_norm)')
('MS11', 'KILLED by PS07', 'объект-сущность: идентификатор ячейки не приводится к нормальной форме')
('MS12', 'KILLED by NS04', 'конфликт: показывается и при ошибке доказательства-строки')
('Y01', 'SURVIVED', 'кадастровый: проверяется только начало значения (fullmatch -> match)')
('Y02', 'SURVIVED', 'vin приводится как прочие (id_norm)')
('Y03', 'SURVIVED', 'imo приводится как прочие (id_norm)')
('Y04', 'SURVIVED', 'ru.ogrnip приводится как прочие (id_norm)')
('Y06', 'KILLED by PS07', 'идентификаторы субъекта строки — все процитированные колонки-идентификаторы, а не только subject')
('Y05', 'SURVIVED', 'ru.ogrn приводится как прочие (id_norm)')
('Y07', 'SURVIVED', 'кадастровый не по форме приводится через id_norm, а не «как записан»')
MS01  KILLED by WS01                     конфликт сильных ключей строки не показывается
MS02  KILLED by BASE                     конфликт: сущности других проектов считаются
MS03  KILLED by PS02                     конфликт: сущности других типов считаются
MS04  KILLED by PS01                     конфликт: влитая в субъект сущность считается другой
MS05  KILLED by PS05                     конфликт: субъект, сам слитый, считается другой сущностью, чем выживший
MS06  KILLED by WS03                     конфликт: сущность RETIRED ключом не владеет
MS07  KILLED by WS02                     конфликт: считаются только сущности, созданные до утверждения
MS08  KILLED by WS05                     идентификатор строки не приводится к нормальной форме
MS09  KILLED by PS08                     кадастровый номер строки не приводится к нормальной форме
MS10  KILLED by NS03                     национальные номера приводятся как прочие (id_norm)
MS11  KILLED by PS07                     объект-сущность: идентификатор ячейки не приводится к нормальной форме
MS12  KILLED by NS04                     конфликт: показывается и при ошибке доказательства-строки
Y01   SURVIVED                           кадастровый: проверяется только начало значения (fullmatch -> match)
Y02   SURVIVED                           vin приводится как прочие (id_norm)
Y03   SURVIVED                           imo приводится как прочие (id_norm)
Y04   SURVIVED                           ru.ogrnip приводится как прочие (id_norm)
Y05   SURVIVED                           ru.ogrn приводится как прочие (id_norm)
Y06   KILLED by PS07                     идентификаторы субъекта строки — все процитированные колонки-идентификаторы, а не только subject
Y07   SURVIVED                           кадастровый не по форме приводится через id_norm, а не «как записан»
