N = 1000000 строк; среднее по 5 зёрнам; доля ФАЙЛОВ / доля СТРОК новой версии, взятых у предыдущей без перезаписи

 изменено  добавлено  удалено |  файл |      позиционно |         корзины |  по содержимому | (1-u-a-d)^C
    0.10%     0.000%   0.000% |  4096 |   1.1% /   1.1% |   1.8% /   1.8% |  19.6% /   3.3% |        1.7%
    0.10%     0.000%   0.000% |   512 |  60.4% /  60.4% |  60.5% /  60.5% |  67.1% /  45.2% |       59.9%
    0.10%     0.000%   0.000% |    64 |  93.9% /  93.9% |  93.9% /  93.8% |  94.2% /  88.7% |       93.8%

    0.50%     0.000%   0.000% |  4096 |   0.0% /   0.0% |   0.0% /   0.0% |   5.4% /   0.2% |        0.0%
    0.50%     0.000%   0.000% |   512 |   7.4% /   7.4% |   7.7% /   7.7% |  29.2% /   8.5% |        7.7%
    0.50%     0.000%   0.000% |    64 |  72.6% /  72.6% |  72.6% /  72.3% |  76.1% /  58.0% |       72.6%

    1.00%     0.000%   0.000% |  4096 |   0.0% /   0.0% |   0.0% /   0.0% |   3.0% /   0.1% |        0.0%
    1.00%     0.000%   0.000% |   512 |   0.5% /   0.5% |   0.6% /   0.6% |  16.9% /   2.9% |        0.6%
    1.00%     0.000%   0.000% |    64 |  52.6% /  52.6% |  52.8% /  52.2% |  61.3% /  37.6% |       52.6%

    0.10%     0.050%   0.050% |  4096 |   0.0% /   0.0% |   0.0% /   0.0% |  11.0% /   1.1% |        0.0%
    0.10%     0.050%   0.050% |   512 |   0.6% /   0.6% |  36.0% /  35.9% |  50.8% /  26.0% |       35.9%
    0.10%     0.050%   0.050% |    64 |   1.6% /   1.6% |  88.1% /  87.9% |  88.9% /  79.0% |       88.0%

    0.50%     0.200%   0.200% |  4096 |   0.0% /   0.0% |   0.0% /   0.0% |   3.1% /   0.1% |        0.0%
    0.50%     0.200%   0.200% |   512 |   0.0% /   0.0% |   1.0% /   1.0% |  18.5% /   3.3% |        1.0%
    0.50%     0.200%   0.200% |    64 |   0.5% /   0.5% |  56.2% /  55.8% |  63.7% /  40.8% |       56.1%

    0.01%     0.005%   0.005% |  4096 |   2.9% /   2.9% |  45.1% /  45.1% |  54.8% /  29.1% |       44.1%
    0.01%     0.005%   0.005% |   512 |   5.6% /   5.6% |  90.7% /  90.7% |  91.2% /  82.9% |       90.3%
    0.01%     0.005%   0.005% |    64 |   6.0% /   6.0% |  98.8% /  98.8% |  98.8% /  97.6% |       98.7%


real	5m46.094s
user	5m44.052s
sys	0m1.915s
