I01    held | сущность в REPEATABLE READ | ERROR:  ISOLATION_LEVEL_UNSUPPORTED: записи ядра и проекции, которые берут блокировку (сохранность, модель, пр
I02    held | сущность в SERIALIZABLE | ERROR:  ISOLATION_LEVEL_UNSUPPORTED: записи ядра и проекции, которые берут блокировку (сохранность, модель, пр
I03    held | законная: сущность в READ COMMITTED | принято
I04    held | утверждение в REPEATABLE READ | ERROR:  ISOLATION_LEVEL_UNSUPPORTED: записи ядра и проекции, которые берут блокировку (сохранность, модель, пр
I05    held | уровень изоляции по умолчанию у сеанса | ERROR:  ISOLATION_LEVEL_UNSUPPORTED: записи ядра и проекции, которые берут блокировку (сохранность, модель, пр
I06    held | запись в DO-блоке в SERIALIZABLE | ERROR:  ISOLATION_LEVEL_UNSUPPORTED: записи ядра и проекции, которые берут блокировку (сохранность, модель, пр
I07    held | подтранзакция в REPEATABLE READ | ERROR:  ISOLATION_LEVEL_UNSUPPORTED: записи ядра и проекции, которые берут блокировку (сохранность, модель, пр
I08    held | смена уровня после первого запроса | ERROR:  SET TRANSACTION ISOLATION LEVEL must be called before any query
I09    held | открытие таблицы строк версии в REPEATABLE READ | ERROR:  APPEND_ONLY: таблица строк этой версии уже открыта
I10    held | печать версии в SERIALIZABLE | ERROR:  ISOLATION_LEVEL_UNSUPPORTED: записи ядра и проекции, которые берут блокировку (сохранность, модель, пр
I11    held | мигратор: исторический импорт в REPEATABLE READ | ERROR:  ISOLATION_LEVEL_UNSUPPORTED: записи ядра и проекции, которые берут блокировку (сохранность, модель, пр
I12    held | администратор доверия в SERIALIZABLE | ERROR:  ISOLATION_LEVEL_UNSUPPORTED: записи ядра и проекции, которые берут блокировку (сохранность, модель, пр
I13    held | суперпользователь в REPEATABLE READ | ERROR:  ISOLATION_LEVEL_UNSUPPORTED: записи ядра и проекции, которые берут блокировку (сохранность, модель, пр
I18    held | COPY строк версии набора в REPEATABLE READ | ERROR:  ISOLATION_LEVEL_UNSUPPORTED: записи ядра и проекции, которые берут блокировку (сохранность, модель, пр
I19    held | проекции, которые сами берут блокировку (сохранность, модель, пробелы схемы), в REPEATABLE READ отвергаются — как запись | ERROR:  ISOLATION_LEVEL_UNSUPPORTED: записи ядра и проекции, которые берут блокировку (сохранность, модель, пр
I14    held | законная: чтение досье в REPEATABLE READ (чтение не запрещено) | принято
I15    held | законная: чтение строки набора в SERIALIZABLE (чтение не запрещено) | принято
I16    held | загрузчик не может снять стража изоляции с таблицы | ERROR:  must be owner of relation claims
I17    held | страж изоляции стоит на каждой таблице ядра и на каждой таблице строк наборов | таблиц 41, стражей 41, таблиц строк без стража 0
C01    held | законная: утверждение цитирует ИНН строки, которым в проекте владеет другая организация: принято, конфликт показан при чтении | принято
C02    held | у доказательства такого утверждения стоит subject_conflict | True
C03    held | законная: ИНН не процитирован — утверждение об адресе | принято
C04    held | без процитированного чужого идентификатора флага нет (конфликт виден в ac.dataset_subject) | None
C09    held | одна транзакция: сначала утверждение, потом сущность с ИНН строки — принято, конфликт показан (порядок записи ничего не обходит) | (принято); subject_conflict = True
C05    held | проекция «о ком строка» показывает конфликт | CONFLICT ['ent_a_beta', 'ent_a_beta_inn']
C06    held | о ком строка — читателю без допуска | ERROR:  ACCESS_DENIED: нет допуска
C07    held | о ком строка несуществующей версии | ERROR:  ACCESS_DENIED: нет допуска
C08    held | о ком строка: идентификатор субъекта — персональные данные, у читателя нет этой категории | ERROR:  CLEARANCE_INSUFFICIENT: допуск читателя ниже маркировки ключа или идентификаторов субъекта строки
G1     held | гонка: утверждение о сущности, которую в этот момент сливают, — после слияния отвергнуто (S11R-04) | ERROR:  CLAIM_ABOUT_MERGED_ENTITY: после слияния утверждения пишутся о выжившей 
G2     held | гонка: вставка D сразу слитой в A и слияние A в B — проходит одно (S11R-05) | вставка: (принято); слияние: ERROR:  ENTITY_MERGE_INVALID: ent_g_a: в неё уже слиты дубли
G3     held | гонка: слияние пары и решение «различны» о ней же — оба не фиксируются (S11R-06) | состояние: MERGED 0; решение: ERROR:  IDENTITY_DECISION_INVALID: «различны» — только для несливших сущностей одного типа
G4     held | открытая публикация и закрытый рендеринг её текста, полученный к её recorded_at: гонкой и одной транзакцией — не фиксируются оба (S11R-07) | гонка: ERROR:  MARKING_BROADER_THAN_INPUT: маркировка публикации шире маркиро; одна транзакция: ERROR:  MARKING_BROADER_THAN_INPUT: источник — рендеринг уже записанно
G5     held | утверждение с предикатом tenant и удаление этого предиката из схемы в ту же секунду: версия схемы не встаёт в секунду утверждения (S11R-08) | утверждение: (принято); версия схемы: ERROR:  TEMPORAL_ORDER_INVALID: версия определения не позже уже записанного утве
K01    held | читатель вызывает ac.row_currency напрямую | ERROR:  permission denied for table datasets
K02    held | читатель вызывает ac.evidence_json напрямую | ERROR:  permission denied for table claim_evidence
K03    held | в «актуальности строки» нет значений ячеек | {"status": "CURRENT"}

attacks=36 findings=0
