('MR40', 'KILLED by NS01', 'субъект строки не проверяется')
('MR44', 'KILLED by NR62', 'субъект: без процитированных идентификаторов проверка пропускается')
('MS01', 'KILLED by NS01', 'конфликт сильных ключей строки не проверяется')
('MR47', 'KILLED by NR65', 'набор без subject подтверждает утверждение')
('MS03', 'KILLED by PS02', 'конфликт: сущности других типов считаются')
('MS02', 'KILLED by PS04', 'конфликт: сущности других проектов считаются')
('MS06', 'KILLED by BASE', 'конфликт: проверяются и собственные идентификаторы субъекта')
('MS07', 'KILLED by PS04', 'конфликт: сущность, созданная позже утверждения, считается')
('MR41', 'KILLED by NR62', 'субъект: совпадение не требуется')
('MR42', 'KILLED by NR61', 'субъект: расхождение идентификаторов допускается')
('MR43', 'KILLED by PS02', 'субъект: любое лишнее значение — расхождение')
('MR45', 'KILLED by PS01', 'субъект: слияния не учитываются')
('MR46', 'KILLED by NS02', 'слияние позже утверждения учитывается')
('X01', 'SURVIVED', 'конфликт: сущность, созданная РОВНО в момент утверждения, не считается (граница <= -> <)')
('X02', 'SURVIVED', 'конфликт: выведенная из употребления (RETIRED) сущность не считается носителем')
('X03', 'SURVIVED', 'конфликт: сущность, слитая (когда угодно) в ТРЕТЬЮ сущность, не считается носителем')
('X04', 'SURVIVED', 'конфликт: проверяется только первый чужой идентификатор (по сортировке), остальные — нет')
('X05', 'SURVIVED', 'конфликт: носитель с маркировкой выше утверждения не считается')
('X06', 'SURVIVED', 'конфликт: момент — время создания носителя против ingested/сейчас: считается только созданная до субъекта')
MR40  KILLED by NS01                     субъект строки не проверяется
MR41  KILLED by NR62                     субъект: совпадение не требуется
MR42  KILLED by NR61                     субъект: расхождение идентификаторов допускается
MR43  KILLED by PS02                     субъект: любое лишнее значение — расхождение
MR44  KILLED by NR62                     субъект: без процитированных идентификаторов проверка пропускается
MR45  KILLED by PS01                     субъект: слияния не учитываются
MR46  KILLED by NS02                     слияние позже утверждения учитывается
MR47  KILLED by NR65                     набор без subject подтверждает утверждение
MS01  KILLED by NS01                     конфликт сильных ключей строки не проверяется
MS02  KILLED by PS04                     конфликт: сущности других проектов считаются
MS03  KILLED by PS02                     конфликт: сущности других типов считаются
MS06  KILLED by BASE                     конфликт: проверяются и собственные идентификаторы субъекта
MS07  KILLED by PS04                     конфликт: сущность, созданная позже утверждения, считается
X01   SURVIVED                           конфликт: сущность, созданная РОВНО в момент утверждения, не считается (граница <= -> <)
X02   SURVIVED                           конфликт: выведенная из употребления (RETIRED) сущность не считается носителем
X03   SURVIVED                           конфликт: сущность, слитая (когда угодно) в ТРЕТЬЮ сущность, не считается носителем
X04   SURVIVED                           конфликт: проверяется только первый чужой идентификатор (по сортировке), остальные — нет
X05   SURVIVED                           конфликт: носитель с маркировкой выше утверждения не считается
X06   SURVIVED                           конфликт: момент — время создания носителя против ingested/сейчас: считается только созданная до субъекта
