N = 1000000 строк

 изменено  добавлено  удалено | файл, строк |  позиционно: файлов   строк |  корзины: файлов   строк
    0.10%     0.000%   0.000% |        4096 |                0.8%    0.8% |             0.0%    0.0%
    0.10%     0.000%   0.000% |         512 |               60.7%   60.7% |            38.8%   38.7%
    0.10%     0.000%   0.000% |          64 |               94.0%   94.0% |            88.9%   88.8%

    0.50%     0.000%   0.000% |        4096 |                0.0%    0.0% |             0.0%    0.0%
    0.50%     0.000%   0.000% |         512 |                7.3%    7.2% |             0.7%    0.7%
    0.50%     0.000%   0.000% |          64 |               71.9%   71.9% |            53.4%   53.2%

    1.00%     0.000%   0.000% |        4096 |                0.0%    0.0% |             0.0%    0.0%
    1.00%     0.000%   0.000% |         512 |                0.5%    0.5% |             0.0%    0.0%
    1.00%     0.000%   0.000% |          64 |               52.1%   52.1% |            29.3%   29.0%

    0.10%     0.050%   0.050% |        4096 |                0.0%    0.0% |             0.0%    0.0%
    0.10%     0.050%   0.050% |         512 |                0.3%    0.3% |            15.0%   15.0%
    0.10%     0.050%   0.050% |          64 |                0.7%    0.7% |            78.8%   78.6%

    0.50%     0.200%   0.200% |        4096 |                0.0%    0.0% |             0.0%    0.0%
    0.50%     0.200%   0.200% |         512 |                0.1%    0.1% |             0.0%    0.0%
    0.50%     0.200%   0.200% |          64 |                0.3%    0.3% |            33.3%   33.0%

    0.01%     0.005%   0.005% |        4096 |                6.1%    6.1% |            19.5%   19.5%
    0.01%     0.005%   0.005% |         512 |               10.0%   10.0% |            82.7%   82.6%
    0.01%     0.005%   0.005% |          64 |               11.0%   11.0% |            97.7%   97.7%

