R01  KILLED by N907                     версия после deprecated допускается
R02  SURVIVED                           CHANGE_ATTRIBUTE: value_type не заморожен
R03  SURVIVED                           CHANGE_ATTRIBUTE: unit не заморожен
R04  SURVIVED                           CHANGE_ATTRIBUTE: scheme не заморожен
R05  KILLED by N911                     ADD_ATTRIBUTE: можно добавить несколько
R06  KILLED by N912                     REMOVE_ATTRIBUTE: можно убрать несколько
R07  KILLED by N919                     CHANGE_ATTRIBUTE: можно изменить несколько
R08  KILLED by N915                     версия в тот же момент, что предыдущая, допускается
R09  KILLED by P927                     схема на момент t: строго раньше t
R10  KILLED by N926                     родитель: deprecated не проверяется
R11  KILLED by N927                     родитель: маркировка не проверяется
R12  KILLED by N944                     связь: класс deprecated не проверяется
R13  KILLED by N946                     связь: маркировка не проверяется
R14  KILLED by N941                     связь: проверяется только domain
R15  KILLED by N945                     симметричная связь между разными классами
R16  KILLED by N950                     уникальность схемы идентификатора без учёта корня
R17  KILLED by N951                     уникальность приоритета не проверяется
R18  KILLED by N952                     формат: min > max допускается
R19  KILLED by N953                     формат: длина > 64 допускается
R20  KILLED by N973                     deprecated-связь остаётся действующим предикатом
R21  KILLED by N934                     idef_at: deprecated тип идентификатора действует
R22  KILLED by N932                     idef_at: корневой тип не сверяется
R23  KILLED by N976                     принадлежность: время is_a не учитывается
R24  KILLED by N987                     принадлежность: отзыв is_a не учитывается
R25  KILLED by P912                     принадлежность: наследники не считаются
R26  KILLED by P929                     stands: рецензии из будущего учитываются
R27  SURVIVED                           stands: REFUTED не снимает принадлежность
R28  KILLED by N987                     stands: WITHDRAWN не снимает принадлежность
R29  KILLED by N978                     атрибут: единица не сверяется
R30  KILLED by N980                     атрибут: схема идентификатора не сверяется
R31  KILLED by N981                     связь: литерал вместо сущности допускается
R32  KILLED by N982                     связь: объект не обязан быть экземпляром диапазона
R33  KILLED by N983                     x-предикат: квалификаторы допускаются
R34  KILLED by N984                     x-предикат: маркировка определения не проверяется
R35  KILLED by N963                     is_a: абстрактный класс допускается
R36  KILLED by N964                     is_a: deprecated класс допускается
R37  KILLED by N966                     is_a: маркировка класса не проверяется
R38  KILLED by N990                     идентификатор tenant: fullmatch -> match (хвост не проверяется)
R39  KILLED by N929                     владелец предиката: последний, а не первый
R40  KILLED by N933                     атрибут IDENTIFIER: тип идентификатора ищется без учёта времени версии
R41  KILLED by N960                     обязательные атрибуты: только собственные, без унаследованных
R42  KILLED by P929                     обязательные атрибуты: отозванная принадлежность всё равно требует
R43  KILLED by N923                     цикл наследования не проверяется
R44  KILLED by N901                     версии не подряд допускаются
R45  KILLED by N922                     корневой тип наследника не сверяется
мутантов=45 не убито=4 векторов цикла 9=123 время=464c
