P1 атрибут tenant со встроенной схемой ru.inn, значение с неверной контрольной суммой
    валидатор: ПРИНЯТО
    база:      ERROR:  IDENTIFIER_CHECKSUM_INVALID: контрольные цифры литерала (S24-01)
    => РАСХОЖДЕНИЕ
P1k контроль: то же с верным ИНН
    валидатор: ПРИНЯТО
    база:      ПРИНЯТО
    => совпадает
P2 версия 2: DEPRECATE_CLASS с явным deprecated=false (ничего не выведено из употребления)
    валидатор: ['SCHEMA_INVALID']
    база:      ERROR:  SCHEMA_CHANGE_INVALID: запись журнала «DEPRECATE_CLASS» не равна единственному допустимому отличию от предыдущей версии
    => совпадает
P3 версия 2: RENAME_CLASS + явное is_abstract=false
    валидатор: ['SCHEMA_INVALID']
    база:      ПРИНЯТО
    => РАСХОЖДЕНИЕ
P4 версия 2: RENAME_CLASS + явное attributes=[]
    валидатор: ['SCHEMA_INVALID']
    база:      ПРИНЯТО
    => РАСХОЖДЕНИЕ
P5 утверждение с атрибутом класса, выведенного из употребления до утверждения
    валидатор: ПРИНЯТО
    база:      ПРИНЯТО
    => совпадает
P6 is_a отозван (WITHDRAWN) ровно в момент записи x-утверждения
    валидатор: ['SCHEMA_INVALID']
    база:      ERROR:  PREDICATE_DOMAIN_VIOLATION: субъект не является экземпляром класса sdf_rv_cls
    => совпадает
P7 класс и is_a записаны в один и тот же момент
    валидатор: ПРИНЯТО
    база:      ПРИНЯТО
    => совпадает
P8 атрибут и связь объявляют один предикат в один момент
    валидатор: ['SCHEMA_DEF_INVALID']
    база:      ERROR:  SCHEMA_DEF_INVALID: предикат x.rv_same уже определён в sdf_rv_cls
    => совпадает
P9 x-утверждение с пустыми квалификаторами {}
    валидатор: ПРИНЯТО
    база:      ПРИНЯТО
    => совпадает
P10 версия 2 меняет маркировку определения (PUBLIC -> INTERNAL) под видом RENAME
    валидатор: ['SCHEMA_CHANGE_INVALID']
    база:      ERROR:  SCHEMA_CHANGE_INVALID: запись журнала «RENAME_CLASS» не равна единственному допустимому отличию от предыдущей версии
    => совпадает
P11 атрибут MONEY, значение QUANTITY без единицы у атрибута
    валидатор: ['PREDICATE_RANGE_VIOLATION']
    база:      ERROR:  PREDICATE_RANGE_VIOLATION: значение не того типа, единицы или схемы, что объявлены у атрибута
    => совпадает

== формат идентификатора: Python re.fullmatch(format_regex) против PostgreSQL value ~ ac.format_regex ==
сравнений=555 расхождений=0
