O1 сущность, Проверка и слияние одной транзакцией: ERROR:  CHECK_SUBJECT_INVALID: ent_o1_x: у сущности открыта Проверка — сначала закройте ил
O2 Проверка REQUESTED: (принято) | слияние субъекта: ERROR:  CHECK_SUBJECT_INVALID: ent_o2_x: у сущности открыта Проверка — сначала з
O3 Проверка открывается (не зафиксирована) / слияние субъекта: (принято) | ERROR:  CHECK_SUBJECT_INVALID: ent_o3_x: у сущности открыта Проверка — сначала з
   вывод из употребления (не зафиксирован) / открытие Проверки: (принято) | ERROR:  CHECK_SUBJECT_INVALID: субъект — ACTIVE физлицо или юрлицо
O4 мигратор (исторический режим) сливает субъект открытой Проверки: ERROR:  CHECK_SUBJECT_INVALID: ent_o5_x: у сущности открыта Проверка — сначала закройте ил
O5 отмена Проверки: (принято) | затем слияние: (принято)
   слияние В субъект открытой Проверки: (принято)
O6 сущность вставлена сразу RETIRED: (принято) | Проверка по ней: ERROR:  CHECK_SUBJECT_INVALID: субъект — ACTIVE физлицо или юрлицо
   Проверка раньше сущности в той же транзакции (сущность сразу RETIRED): ERROR:  MARKING_BROADER_THAN_INPUT: Проверка шире маркировки субъекта
открытых Проверок с не-ACTIVE субъектом в базе: 0
O        устояло | обход правила «субъект открытой Проверки — ACTIVE»
F1 досье субъекта (вторая сущность с ПД): {'ac_rd_cs': [None], 'ac_rd_full': [True], 'ac_rd_r3_other': 'ERROR:  ACCESS_DENIED: нет допуска', 'ac_rd_none': 'ERROR:  ACCESS_DENIED: нет допуска'}
   прямой вызов evidence_json: суперпользователь True | загрузчик (без допуска, не суперпользователь): ERROR:  permission denied for table clea | читатель без ПД: ERROR:  permission denied for table clai
   ac.provenance читателю без ПД: [None]
F1       устояло | флаг по допуску читателя: утечка или молчание
F2 вторая сущность с ПД, читатель без ПД: [None] | с ПД: [True]
K1 только v1: CURRENT; + закрытая v2: CURRENT; + открытая v3 за закрытой: UNCHANGED latest=v3; dataset_info(v3).previous для читателя: None
   вывод читателя: v3 названа следующей за v1, но её previous ему не показан (а v1 он видит) => между ними есть версия, закрытая для него
K1       устояло | появление закрытой версии само меняет ответ читателю без допуска
K1b      НАХОДКА | существование закрытой промежуточной версии выводится из пары ответов currency.latest = v3 и dataset_info(v3).previous = null
K2 v1 -> закрытая -> v3a: UNCHANGED; + v3b от той же закрытой: BRANCHED; две закрытые ветви и открытая за одной: CURRENT
